// Jest Snapshot v1, https://goo.gl/fbAQLP

exports[`Paginator  matches snapshot 1`] = `
ShallowWrapper {
  Symbol(enzyme.__root__): [Circular],
  Symbol(enzyme.__unrendered__): <Paginator
    classes={Object {}}
    currentPage={4}
    navigation={Object {}}
    onPageChange={[MockFunction]}
    pagesToShow={
      Array [
        1,
        2,
        3,
        4,
      ]
    }
    styles={Object {}}
    totalPages={10}
    useBootstrapClasses={false}
  />,
  Symbol(enzyme.__renderer__): Object {
    "batchedUpdates": [Function],
    "getNode": [Function],
    "render": [Function],
    "simulateEvent": [Function],
    "unmount": [Function],
  },
  Symbol(enzyme.__node__): Object {
    "instance": null,
    "key": undefined,
    "nodeType": "host",
    "props": Object {
      "aria-label": "Page navigation",
      "children": <ul
        className=""
        style={undefined}
      >
        <Page
          classes={Object {}}
          isDisabled={false}
          onPageChange={[MockFunction]}
          page={1}
          styles={Object {}}
          useBootstrapClasses={false}
        >
          <span>
            First
          </span>
        </Page>
        <Page
          classes={Object {}}
          isDisabled={false}
          onPageChange={[MockFunction]}
          page={3}
          styles={Object {}}
          useBootstrapClasses={false}
        >
          <span>
            ←
          </span>
        </Page>
        <Page
          classes={Object {}}
          isActive={false}
          isDisabled={false}
          onPageChange={[MockFunction]}
          page={1}
          styles={Object {}}
          useBootstrapClasses={false}
        />
        <Page
          classes={Object {}}
          isActive={false}
          isDisabled={false}
          onPageChange={[MockFunction]}
          page={2}
          styles={Object {}}
          useBootstrapClasses={false}
        />
        <Page
          classes={Object {}}
          isActive={false}
          isDisabled={false}
          onPageChange={[MockFunction]}
          page={3}
          styles={Object {}}
          useBootstrapClasses={false}
        />
        <Page
          classes={Object {}}
          isActive={true}
          isDisabled={false}
          onPageChange={[MockFunction]}
          page={4}
          styles={Object {}}
          useBootstrapClasses={false}
        />
        <Page
          classes={Object {}}
          isDisabled={false}
          onPageChange={[MockFunction]}
          page={5}
          styles={Object {}}
          useBootstrapClasses={false}
        >
          <span>
            →
          </span>
        </Page>
        <Page
          classes={Object {}}
          isDisabled={false}
          onPageChange={[MockFunction]}
          page={10}
          styles={Object {}}
          useBootstrapClasses={false}
        >
          <span>
            Last
          </span>
        </Page>
      </ul>,
      "className": "",
      "style": undefined,
    },
    "ref": null,
    "rendered": Object {
      "instance": null,
      "key": undefined,
      "nodeType": "host",
      "props": Object {
        "children": Array [
          <Page
            classes={Object {}}
            isDisabled={false}
            onPageChange={[MockFunction]}
            page={1}
            styles={Object {}}
            useBootstrapClasses={false}
          >
            <span>
              First
            </span>
          </Page>,
          <Page
            classes={Object {}}
            isDisabled={false}
            onPageChange={[MockFunction]}
            page={3}
            styles={Object {}}
            useBootstrapClasses={false}
          >
            <span>
              ←
            </span>
          </Page>,
          Array [
            <Page
              classes={Object {}}
              isActive={false}
              isDisabled={false}
              onPageChange={[MockFunction]}
              page={1}
              styles={Object {}}
              useBootstrapClasses={false}
            />,
            <Page
              classes={Object {}}
              isActive={false}
              isDisabled={false}
              onPageChange={[MockFunction]}
              page={2}
              styles={Object {}}
              useBootstrapClasses={false}
            />,
            <Page
              classes={Object {}}
              isActive={false}
              isDisabled={false}
              onPageChange={[MockFunction]}
              page={3}
              styles={Object {}}
              useBootstrapClasses={false}
            />,
            <Page
              classes={Object {}}
              isActive={true}
              isDisabled={false}
              onPageChange={[MockFunction]}
              page={4}
              styles={Object {}}
              useBootstrapClasses={false}
            />,
          ],
          <Page
            classes={Object {}}
            isDisabled={false}
            onPageChange={[MockFunction]}
            page={5}
            styles={Object {}}
            useBootstrapClasses={false}
          >
            <span>
              →
            </span>
          </Page>,
          <Page
            classes={Object {}}
            isDisabled={false}
            onPageChange={[MockFunction]}
            page={10}
            styles={Object {}}
            useBootstrapClasses={false}
          >
            <span>
              Last
            </span>
          </Page>,
        ],
        "className": "",
        "style": undefined,
      },
      "ref": null,
      "rendered": Array [
        Object {
          "instance": null,
          "key": undefined,
          "nodeType": "class",
          "props": Object {
            "children": <span>
              First
            </span>,
            "classes": Object {},
            "isDisabled": false,
            "onPageChange": [MockFunction],
            "page": 1,
            "styles": Object {},
            "useBootstrapClasses": false,
          },
          "ref": null,
          "rendered": Object {
            "instance": null,
            "key": undefined,
            "nodeType": "host",
            "props": Object {
              "children": "First",
            },
            "ref": null,
            "rendered": "First",
            "type": "span",
          },
          "type": [Function],
        },
        Object {
          "instance": null,
          "key": undefined,
          "nodeType": "class",
          "props": Object {
            "children": <span>
              ←
            </span>,
            "classes": Object {},
            "isDisabled": false,
            "onPageChange": [MockFunction],
            "page": 3,
            "styles": Object {},
            "useBootstrapClasses": false,
          },
          "ref": null,
          "rendered": Object {
            "instance": null,
            "key": undefined,
            "nodeType": "host",
            "props": Object {
              "children": "←",
            },
            "ref": null,
            "rendered": "←",
            "type": "span",
          },
          "type": [Function],
        },
        Object {
          "instance": null,
          "key": "0",
          "nodeType": "class",
          "props": Object {
            "classes": Object {},
            "isActive": false,
            "isDisabled": false,
            "onPageChange": [MockFunction],
            "page": 1,
            "styles": Object {},
            "useBootstrapClasses": false,
          },
          "ref": null,
          "rendered": null,
          "type": [Function],
        },
        Object {
          "instance": null,
          "key": "1",
          "nodeType": "class",
          "props": Object {
            "classes": Object {},
            "isActive": false,
            "isDisabled": false,
            "onPageChange": [MockFunction],
            "page": 2,
            "styles": Object {},
            "useBootstrapClasses": false,
          },
          "ref": null,
          "rendered": null,
          "type": [Function],
        },
        Object {
          "instance": null,
          "key": "2",
          "nodeType": "class",
          "props": Object {
            "classes": Object {},
            "isActive": false,
            "isDisabled": false,
            "onPageChange": [MockFunction],
            "page": 3,
            "styles": Object {},
            "useBootstrapClasses": false,
          },
          "ref": null,
          "rendered": null,
          "type": [Function],
        },
        Object {
          "instance": null,
          "key": "3",
          "nodeType": "class",
          "props": Object {
            "classes": Object {},
            "isActive": true,
            "isDisabled": false,
            "onPageChange": [MockFunction],
            "page": 4,
            "styles": Object {},
            "useBootstrapClasses": false,
          },
          "ref": null,
          "rendered": null,
          "type": [Function],
        },
        Object {
          "instance": null,
          "key": undefined,
          "nodeType": "class",
          "props": Object {
            "children": <span>
              →
            </span>,
            "classes": Object {},
            "isDisabled": false,
            "onPageChange": [MockFunction],
            "page": 5,
            "styles": Object {},
            "useBootstrapClasses": false,
          },
          "ref": null,
          "rendered": Object {
            "instance": null,
            "key": undefined,
            "nodeType": "host",
            "props": Object {
              "children": "→",
            },
            "ref": null,
            "rendered": "→",
            "type": "span",
          },
          "type": [Function],
        },
        Object {
          "instance": null,
          "key": undefined,
          "nodeType": "class",
          "props": Object {
            "children": <span>
              Last
            </span>,
            "classes": Object {},
            "isDisabled": false,
            "onPageChange": [MockFunction],
            "page": 10,
            "styles": Object {},
            "useBootstrapClasses": false,
          },
          "ref": null,
          "rendered": Object {
            "instance": null,
            "key": undefined,
            "nodeType": "host",
            "props": Object {
              "children": "Last",
            },
            "ref": null,
            "rendered": "Last",
            "type": "span",
          },
          "type": [Function],
        },
      ],
      "type": "ul",
    },
    "type": "nav",
  },
  Symbol(enzyme.__nodes__): Array [
    Object {
      "instance": null,
      "key": undefined,
      "nodeType": "host",
      "props": Object {
        "aria-label": "Page navigation",
        "children": <ul
          className=""
          style={undefined}
        >
          <Page
            classes={Object {}}
            isDisabled={false}
            onPageChange={[MockFunction]}
            page={1}
            styles={Object {}}
            useBootstrapClasses={false}
          >
            <span>
              First
            </span>
          </Page>
          <Page
            classes={Object {}}
            isDisabled={false}
            onPageChange={[MockFunction]}
            page={3}
            styles={Object {}}
            useBootstrapClasses={false}
          >
            <span>
              ←
            </span>
          </Page>
          <Page
            classes={Object {}}
            isActive={false}
            isDisabled={false}
            onPageChange={[MockFunction]}
            page={1}
            styles={Object {}}
            useBootstrapClasses={false}
          />
          <Page
            classes={Object {}}
            isActive={false}
            isDisabled={false}
            onPageChange={[MockFunction]}
            page={2}
            styles={Object {}}
            useBootstrapClasses={false}
          />
          <Page
            classes={Object {}}
            isActive={false}
            isDisabled={false}
            onPageChange={[MockFunction]}
            page={3}
            styles={Object {}}
            useBootstrapClasses={false}
          />
          <Page
            classes={Object {}}
            isActive={true}
            isDisabled={false}
            onPageChange={[MockFunction]}
            page={4}
            styles={Object {}}
            useBootstrapClasses={false}
          />
          <Page
            classes={Object {}}
            isDisabled={false}
            onPageChange={[MockFunction]}
            page={5}
            styles={Object {}}
            useBootstrapClasses={false}
          >
            <span>
              →
            </span>
          </Page>
          <Page
            classes={Object {}}
            isDisabled={false}
            onPageChange={[MockFunction]}
            page={10}
            styles={Object {}}
            useBootstrapClasses={false}
          >
            <span>
              Last
            </span>
          </Page>
        </ul>,
        "className": "",
        "style": undefined,
      },
      "ref": null,
      "rendered": Object {
        "instance": null,
        "key": undefined,
        "nodeType": "host",
        "props": Object {
          "children": Array [
            <Page
              classes={Object {}}
              isDisabled={false}
              onPageChange={[MockFunction]}
              page={1}
              styles={Object {}}
              useBootstrapClasses={false}
            >
              <span>
                First
              </span>
            </Page>,
            <Page
              classes={Object {}}
              isDisabled={false}
              onPageChange={[MockFunction]}
              page={3}
              styles={Object {}}
              useBootstrapClasses={false}
            >
              <span>
                ←
              </span>
            </Page>,
            Array [
              <Page
                classes={Object {}}
                isActive={false}
                isDisabled={false}
                onPageChange={[MockFunction]}
                page={1}
                styles={Object {}}
                useBootstrapClasses={false}
              />,
              <Page
                classes={Object {}}
                isActive={false}
                isDisabled={false}
                onPageChange={[MockFunction]}
                page={2}
                styles={Object {}}
                useBootstrapClasses={false}
              />,
              <Page
                classes={Object {}}
                isActive={false}
                isDisabled={false}
                onPageChange={[MockFunction]}
                page={3}
                styles={Object {}}
                useBootstrapClasses={false}
              />,
              <Page
                classes={Object {}}
                isActive={true}
                isDisabled={false}
                onPageChange={[MockFunction]}
                page={4}
                styles={Object {}}
                useBootstrapClasses={false}
              />,
            ],
            <Page
              classes={Object {}}
              isDisabled={false}
              onPageChange={[MockFunction]}
              page={5}
              styles={Object {}}
              useBootstrapClasses={false}
            >
              <span>
                →
              </span>
            </Page>,
            <Page
              classes={Object {}}
              isDisabled={false}
              onPageChange={[MockFunction]}
              page={10}
              styles={Object {}}
              useBootstrapClasses={false}
            >
              <span>
                Last
              </span>
            </Page>,
          ],
          "className": "",
          "style": undefined,
        },
        "ref": null,
        "rendered": Array [
          Object {
            "instance": null,
            "key": undefined,
            "nodeType": "class",
            "props": Object {
              "children": <span>
                First
              </span>,
              "classes": Object {},
              "isDisabled": false,
              "onPageChange": [MockFunction],
              "page": 1,
              "styles": Object {},
              "useBootstrapClasses": false,
            },
            "ref": null,
            "rendered": Object {
              "instance": null,
              "key": undefined,
              "nodeType": "host",
              "props": Object {
                "children": "First",
              },
              "ref": null,
              "rendered": "First",
              "type": "span",
            },
            "type": [Function],
          },
          Object {
            "instance": null,
            "key": undefined,
            "nodeType": "class",
            "props": Object {
              "children": <span>
                ←
              </span>,
              "classes": Object {},
              "isDisabled": false,
              "onPageChange": [MockFunction],
              "page": 3,
              "styles": Object {},
              "useBootstrapClasses": false,
            },
            "ref": null,
            "rendered": Object {
              "instance": null,
              "key": undefined,
              "nodeType": "host",
              "props": Object {
                "children": "←",
              },
              "ref": null,
              "rendered": "←",
              "type": "span",
            },
            "type": [Function],
          },
          Object {
            "instance": null,
            "key": "0",
            "nodeType": "class",
            "props": Object {
              "classes": Object {},
              "isActive": false,
              "isDisabled": false,
              "onPageChange": [MockFunction],
              "page": 1,
              "styles": Object {},
              "useBootstrapClasses": false,
            },
            "ref": null,
            "rendered": null,
            "type": [Function],
          },
          Object {
            "instance": null,
            "key": "1",
            "nodeType": "class",
            "props": Object {
              "classes": Object {},
              "isActive": false,
              "isDisabled": false,
              "onPageChange": [MockFunction],
              "page": 2,
              "styles": Object {},
              "useBootstrapClasses": false,
            },
            "ref": null,
            "rendered": null,
            "type": [Function],
          },
          Object {
            "instance": null,
            "key": "2",
            "nodeType": "class",
            "props": Object {
              "classes": Object {},
              "isActive": false,
              "isDisabled": false,
              "onPageChange": [MockFunction],
              "page": 3,
              "styles": Object {},
              "useBootstrapClasses": false,
            },
            "ref": null,
            "rendered": null,
            "type": [Function],
          },
          Object {
            "instance": null,
            "key": "3",
            "nodeType": "class",
            "props": Object {
              "classes": Object {},
              "isActive": true,
              "isDisabled": false,
              "onPageChange": [MockFunction],
              "page": 4,
              "styles": Object {},
              "useBootstrapClasses": false,
            },
            "ref": null,
            "rendered": null,
            "type": [Function],
          },
          Object {
            "instance": null,
            "key": undefined,
            "nodeType": "class",
            "props": Object {
              "children": <span>
                →
              </span>,
              "classes": Object {},
              "isDisabled": false,
              "onPageChange": [MockFunction],
              "page": 5,
              "styles": Object {},
              "useBootstrapClasses": false,
            },
            "ref": null,
            "rendered": Object {
              "instance": null,
              "key": undefined,
              "nodeType": "host",
              "props": Object {
                "children": "→",
              },
              "ref": null,
              "rendered": "→",
              "type": "span",
            },
            "type": [Function],
          },
          Object {
            "instance": null,
            "key": undefined,
            "nodeType": "class",
            "props": Object {
              "children": <span>
                Last
              </span>,
              "classes": Object {},
              "isDisabled": false,
              "onPageChange": [MockFunction],
              "page": 10,
              "styles": Object {},
              "useBootstrapClasses": false,
            },
            "ref": null,
            "rendered": Object {
              "instance": null,
              "key": undefined,
              "nodeType": "host",
              "props": Object {
                "children": "Last",
              },
              "ref": null,
              "rendered": "Last",
              "type": "span",
            },
            "type": [Function],
          },
        ],
        "type": "ul",
      },
      "type": "nav",
    },
  ],
  Symbol(enzyme.__options__): Object {
    "adapter": ReactSixteenAdapter {
      "options": Object {
        "enableComponentDidUpdateOnSetState": true,
        "lifecycles": Object {
          "componentDidUpdate": Object {
            "onSetState": true,
          },
          "getDerivedStateFromProps": true,
          "getSnapshotBeforeUpdate": true,
          "setState": Object {
            "skipsComponentDidUpdateOnNullish": true,
          },
        },
      },
    },
    "attachTo": undefined,
    "hydrateIn": undefined,
  },
}
`;
